parser_misc Summary:
AST Parsed     : 2/2 (100.00%)
Positive Passed: 2/2 (100.00%)
